[backblue.gif]
[fade.gif]
[index.html]
[colorlib.com/preview/theme/onemusic/img/core-img/favicon.ico]
[colorlib.com/preview/theme/onemusic/img/core-img/logo.png]
[colorlib.com/preview/theme/onemusic/event.html]
[colorlib.com/preview/theme/onemusic/blog.html]
[colorlib.com/preview/theme/onemusic/contact.html]
[colorlib.com/preview/theme/onemusic/elements.html]
[colorlib.com/preview/theme/onemusic/login.html]
[colorlib.com/preview/theme/onemusic/img/bg-img/bg-1.jpg]
[colorlib.com/preview/theme/onemusic/img/bg-img/bg-2.jpg]
[colorlib.com/preview/theme/onemusic/img/bg-img/a1.jpg]
[colorlib.com/preview/theme/onemusic/img/bg-img/a2.jpg]
[colorlib.com/preview/theme/onemusic/img/bg-img/a3.jpg]
[colorlib.com/preview/theme/onemusic/img/bg-img/a4.jpg]
[colorlib.com/preview/theme/onemusic/img/bg-img/a5.jpg]
[colorlib.com/preview/theme/onemusic/img/bg-img/a6.jpg]
[colorlib.com/preview/theme/onemusic/img/bg-img/a7.jpg]
[colorlib.com/preview/theme/onemusic/img/bg-img/b1.jpg]
[colorlib.com/preview/theme/onemusic/img/bg-img/b2.jpg]
[colorlib.com/preview/theme/onemusic/img/bg-img/b3.jpg]
[colorlib.com/preview/theme/onemusic/img/bg-img/b4.jpg]
[colorlib.com/preview/theme/onemusic/img/bg-img/bg-4.jpg]
[colorlib.com/preview/theme/onemusic/img/bg-img/fa.jpg]
[colorlib.com/preview/theme/onemusic/audio/dummy-audio.mp3]
[colorlib.com/preview/theme/onemusic/img/bg-img/wt1.jpg]
[colorlib.com/preview/theme/onemusic/img/bg-img/wt2.jpg]
[colorlib.com/preview/theme/onemusic/img/bg-img/wt3.jpg]
[colorlib.com/preview/theme/onemusic/img/bg-img/wt4.jpg]
[colorlib.com/preview/theme/onemusic/img/bg-img/wt5.jpg]
[colorlib.com/preview/theme/onemusic/img/bg-img/wt6.jpg]
[colorlib.com/preview/theme/onemusic/img/bg-img/wt7.jpg]
[colorlib.com/preview/theme/onemusic/img/bg-img/wt8.jpg]
[colorlib.com/preview/theme/onemusic/img/bg-img/wt9.jpg]
[colorlib.com/preview/theme/onemusic/img/bg-img/wt10.jpg]
[colorlib.com/preview/theme/onemusic/img/bg-img/wt11.jpg]
[colorlib.com/preview/theme/onemusic/img/bg-img/wt12.jpg]
[colorlib.com/preview/theme/onemusic/img/bg-img/pa1.jpg]
[colorlib.com/preview/theme/onemusic/img/bg-img/pa2.jpg]
[colorlib.com/preview/theme/onemusic/img/bg-img/pa3.jpg]
[colorlib.com/preview/theme/onemusic/img/bg-img/pa4.jpg]
[colorlib.com/preview/theme/onemusic/img/bg-img/pa5.jpg]
[colorlib.com/preview/theme/onemusic/img/bg-img/pa6.jpg]
[colorlib.com/preview/theme/onemusic/img/bg-img/pa7.jpg]
[colorlib.com/preview/theme/onemusic/js/jquery/jquery-2.2.4.min.js]
[colorlib.com/preview/theme/onemusic/js/bootstrap/popper.min.js]
[colorlib.com/preview/theme/onemusic/js/bootstrap/bootstrap.min.js]
[colorlib.com/preview/theme/onemusic/js/plugins/plugins.js]
[colorlib.com/preview/theme/onemusic/js/active.js]
[colorlib.com/preview/theme/onemusic/index.html]
[ajax.cloudflare.com/cdn-cgi/scripts/a2bd7673/cloudflare-static/rocket-loader.min.js]
[colorlib.com/preview/theme/onemusic/css/bootstrap.min.css]
[colorlib.com/preview/theme/onemusic/css/classy-nav.css]
[colorlib.com/preview/theme/onemusic/css/owl.carousel.min.css]
[colorlib.com/preview/theme/onemusic/css/animate.css]
[colorlib.com/preview/theme/onemusic/css/magnific-popup.css]
[colorlib.com/preview/theme/onemusic/css/font-awesome.min.css]
[colorlib.com/preview/theme/onemusic/css/audioplayer.css]
[colorlib.com/preview/theme/onemusic/style.css]
[colorlib.com/preview/theme/onemusic/index-2.html]
[colorlib.com/preview/theme/onemusic/css/one-music-icon.css]
[colorlib.com/preview/theme/onemusic/img/bg-img/breadcumb3.jpg]
[colorlib.com/preview/theme/onemusic/img/bg-img/a8.jpg]
[colorlib.com/preview/theme/onemusic/img/bg-img/a9.jpg]
[colorlib.com/preview/theme/onemusic/img/bg-img/a10.jpg]
[colorlib.com/preview/theme/onemusic/img/bg-img/a11.jpg]
[colorlib.com/preview/theme/onemusic/img/bg-img/a12.jpg]
[colorlib.com/preview/theme/onemusic/img/bg-img/add3.gif]
[colorlib.com/preview/theme/onemusic/img/bg-img/s1.jpg]
[colorlib.com/preview/theme/onemusic/img/bg-img/s2.jpg]
[colorlib.com/preview/theme/onemusic/img/bg-img/s3.jpg]
[colorlib.com/preview/theme/onemusic/img/bg-img/s4.jpg]
[colorlib.com/preview/theme/onemusic/albums-store.html]
[colorlib.com/preview/theme/onemusic/img/bg-img/e1.jpg]
[colorlib.com/preview/theme/onemusic/img/bg-img/e2.jpg]
[colorlib.com/preview/theme/onemusic/img/bg-img/e3.jpg]
[colorlib.com/preview/theme/onemusic/img/bg-img/e4.jpg]
[colorlib.com/preview/theme/onemusic/img/bg-img/e5.jpg]
[colorlib.com/preview/theme/onemusic/img/bg-img/e6.jpg]
[colorlib.com/preview/theme/onemusic/img/bg-img/e7.jpg]
[colorlib.com/preview/theme/onemusic/img/bg-img/e8.jpg]
[colorlib.com/preview/theme/onemusic/img/bg-img/e9.jpg]
[colorlib.com/preview/theme/onemusic/img/bg-img/bg-3.jpg]
[colorlib.com/preview/theme/onemusic/img/bg-img/t1.jpg]
[colorlib.com/preview/theme/onemusic/event.html]
[colorlib.com/preview/theme/onemusic/img/bg-img/blog1.jpg]
[colorlib.com/preview/theme/onemusic/img/bg-img/blog2.jpg]
[colorlib.com/preview/theme/onemusic/img/bg-img/blog3.jpg]
[colorlib.com/preview/theme/onemusic/img/bg-img/add.gif]
[colorlib.com/preview/theme/onemusic/img/bg-img/add2.gif]
[colorlib.com/preview/theme/onemusic/blog.html]
[colorlib.com/preview/theme/onemusic/img/bg-img/breadcumb.jpg]
[colorlib.com/preview/theme/onemusic/contact.html]
[colorlib.com/cdn-cgi/scripts/5c5dd728/cloudflare-static/email-decode.min.js]
[colorlib.com/preview/theme/onemusic/img/bg-img/breadcumb2.jpg]
[colorlib.com/preview/theme/onemusic/elements.html]
[colorlib.com/preview/theme/onemusic/login.html]
[colorlib.com/preview/theme/onemusic/audio/dummy-audio.html]
[colorlib.com/preview/theme/onemusic/css/bootstrap.min.css]
[colorlib.com/preview/theme/onemusic/fonts/classycb9b.eot]
[colorlib.com/preview/theme/onemusic/fonts/classycb9b.ttf]
[colorlib.com/preview/theme/onemusic/fonts/classycb9b.woff]
[colorlib.com/preview/theme/onemusic/css/classy-nav.css]
[colorlib.com/preview/theme/onemusic/fonts/classycb9b.svg]
[colorlib.com/preview/theme/onemusic/css/owl.video.play.png]
[colorlib.com/preview/theme/onemusic/css/owl.carousel.min.css]
[colorlib.com/preview/theme/onemusic/css/animate.css]
[colorlib.com/preview/theme/onemusic/css/magnific-popup.css]
[colorlib.com/preview/theme/onemusic/fonts/fontawesome-webfont3e6e.eot]
[colorlib.com/preview/theme/onemusic/fonts/fontawesome-webfontd41d.eot]
[colorlib.com/preview/theme/onemusic/fonts/fontawesome-webfont3e6e.woff2]
[colorlib.com/preview/theme/onemusic/css/font-awesome.min.css]
[colorlib.com/preview/theme/onemusic/css/audioplayer.css]
[colorlib.com/preview/theme/onemusic/fonts/fontawesome-webfont3e6e.ttf]
[colorlib.com/preview/theme/onemusic/fonts/fontawesome-webfont3e6e.svg]
[colorlib.com/preview/theme/onemusic/fonts/icomoon5390.eot]
[colorlib.com/preview/theme/onemusic/fonts/fontawesome-webfont3e6e.woff]
[colorlib.com/preview/theme/onemusic/fonts/icomoon5390.ttf]
[colorlib.com/preview/theme/onemusic/fonts/icomoon5390.woff]
[colorlib.com/preview/theme/onemusic/css/one-music-icon.css]
[colorlib.com/preview/theme/onemusic/fonts/classycb9b.svg]
[colorlib.com/preview/theme/onemusic/css/owl.video.play.html]
[colorlib.com/preview/theme/onemusic/fonts/fontawesome-webfont3e6e.svg]
[colorlib.com/preview/theme/onemusic/fonts/icomoon5390.svg]
[colorlib.com/preview/theme/onemusic/fonts/icomoon5390.svg]
